// Vitest Snapshot v1

exports[`stripMailQuote > type 1 1`] = `
"User:Xiplus

On Sun, Oct 9, 2022 at 10:22 AM User <user@example.org> wrote:
"
`;

exports[`stripMailQuote > type 2 1`] = `
"Test
"
`;
